#-----------------------------------------------------------
# Vivado v2024.1 (64-bit)
# SW Build 5076996 on Wed May 22 18:36:09 MDT 2024
# IP Build 5075265 on Wed May 22 21:45:21 MDT 2024
# SharedData Build 5076995 on Wed May 22 18:29:18 MDT 2024
# Start of session at: Fri Feb 14 10:39:37 2025
# Process ID: 414703
# Current directory: /nfs/home/m1info2/Documents/vhdl/tp7/projet_tp7/projet_tp7.runs/impl_1
# Command line: vivado -log fifo.vdi -applog -product Vivado -messageDb vivado.pb -mode batch -source fifo.tcl -notrace
# Log file: /nfs/home/m1info2/Documents/vhdl/tp7/projet_tp7/projet_tp7.runs/impl_1/fifo.vdi
# Journal file: /nfs/home/m1info2/Documents/vhdl/tp7/projet_tp7/projet_tp7.runs/impl_1/vivado.jou
# Running On        :secil3.siame.univ-tlse3.fr
# Platform          :Fedora
# Operating System  :Fedora Linux 40 (Forty)
# Processor Detail  :Intel(R) Core(TM) i7-10700T CPU @ 2.00GHz
# CPU Frequency     :3799.874 MHz
# CPU Physical cores:8
# CPU Logical cores :16
# Host memory       :16454 MB
# Swap memory       :16888 MB
# Total Virtual     :33343 MB
# Available Virtual :30535 MB
#-----------------------------------------------------------
source fifo.tcl -notrace
