Copyright 1986-2022 Xilinx, Inc. All Rights Reserved. Copyright 2022-2024 Advanced Micro Devices, Inc. All Rights Reserved.
-----------------------------------------------------------------------------------------------------------------------------------------------------------------
| Tool Version : Vivado v.2024.1 (lin64) Build 5076996 Wed May 22 18:36:09 MDT 2024
| Date         : Thu Jan 30 17:23:00 2025
| Host         : secil3.siame.univ-tlse3.fr running 64-bit Fedora Linux 40 (Forty)
| Command      : report_methodology -file pulse_gen_methodology_drc_routed.rpt -pb pulse_gen_methodology_drc_routed.pb -rpx pulse_gen_methodology_drc_routed.rpx
| Design       : pulse_gen
| Device       : xc7z020clg400-1
| Speed File   : -1
| Design State : Fully Routed
-----------------------------------------------------------------------------------------------------------------------------------------------------------------

Report Methodology

Table of Contents
-----------------
1. REPORT SUMMARY
2. REPORT DETAILS

1. REPORT SUMMARY
-----------------
            Netlist: netlist
          Floorplan: design_1
      Design limits: <entire design considered>
             Max violations: <unlimited>
             Violations found: 2
+-----------+----------+-------------------------------+------------+
| Rule      | Severity | Description                   | Violations |
+-----------+----------+-------------------------------+------------+
| TIMING-18 | Warning  | Missing input or output delay | 2          |
+-----------+----------+-------------------------------+------------+

2. REPORT DETAILS
-----------------
TIMING-18#1 Warning
Missing input or output delay  
An input delay is missing on RST relative to the rising and/or falling clock edge(s) of MCLK.
Related violations: <none>

TIMING-18#2 Warning
Missing input or output delay  
An output delay is missing on P relative to the rising and/or falling clock edge(s) of MCLK.
Related violations: <none>


