#-----------------------------------------------------------
# Vivado v2024.1 (64-bit)
# SW Build 5076996 on Wed May 22 18:36:09 MDT 2024
# IP Build 5075265 on Wed May 22 21:45:21 MDT 2024
# SharedData Build 5076995 on Wed May 22 18:29:18 MDT 2024
# Start of session at: Fri Feb  7 10:21:45 2025
# Process ID: 343112
# Current directory: /nfs/home/m1info2/Documents/vhdl/tp6
# Command line: vivado
# Log file: /nfs/home/m1info2/Documents/vhdl/tp6/vivado.log
# Journal file: /nfs/home/m1info2/Documents/vhdl/tp6/vivado.jou
# Running On        :secil3.siame.univ-tlse3.fr
# Platform          :Fedora
# Operating System  :Fedora Linux 40 (Forty)
# Processor Detail  :Intel(R) Core(TM) i7-10700T CPU @ 2.00GHz
# CPU Frequency     :4100.780 MHz
# CPU Physical cores:8
# CPU Logical cores :16
# Host memory       :16455 MB
# Swap memory       :16888 MB
# Total Virtual     :33343 MB
# Available Virtual :30295 MB
#-----------------------------------------------------------
start_gui
create_project tp6-vivado /nfs/home/m1info2/Documents/vhdl/tp6/tp6-vivado -part xc7z010iclg225-1L
set_property  ip_repo_paths  /nfs/xilinx/vivado-library [current_project]
update_ip_catalog
set_property target_language VHDL [current_project]
add_files -norecurse {/nfs/home/m1info2/Documents/vhdl/tp6/cpu_package.0.vhd /nfs/home/m1info2/Documents/vhdl/tp6/memory.3.vhd}
update_compile_order -fileset sources_1
set_property SOURCE_SET sources_1 [get_filesets sim_1]
add_files -fileset sim_1 -norecurse /nfs/home/m1info2/Documents/vhdl/tp6/test_memory.3.vhd
update_compile_order -fileset sim_1
update_compile_order -fileset sim_1
add_files -norecurse /nfs/home/m1info2/Documents/vhdl/tp6/rom_file.0.txt
update_compile_order -fileset sources_1
launch_simulation
add_files -fileset utils_1 -norecurse /nfs/home/m1info2/Documents/vhdl/tp6/memory_synth.pre.tcl
set_property STEPS.SYNTH_DESIGN.TCL.PRE [ get_files /nfs/home/m1info2/Documents/vhdl/tp6/memory_synth.pre.tcl -of [get_fileset utils_1] ] [get_runs synth_1]
launch_simulation
launch_simulation
add_files -norecurse /nfs/home/m1info2/Documents/vhdl/tp6/cpu_package.0.vhd
